
- NASM Map file ---------------------------------------------------------------

Source file:  BASIC.ASM
Output file:  BASIC.BIN

-- Program origin -------------------------------------------------------------

00000000

-- Sections (summary) ---------------------------------------------------------

Vstart            Start             Stop              Length    Class     Name
               0                 0                83  00000083  progbits  .text
             EF6                83              16B8  00001635  progbits  resSeg
            252B              16B8              16B8  00000000  progbits  programArea
               0                 0               EF6  00000EF6  nobits    dSeg

-- Sections (detailed) --------------------------------------------------------

---- Section .text ------------------------------------------------------------

class:     progbits
length:                  83
start:                    0
align:                    1
follows:   not defined
vstart:                   0
valign:    not defined
vfollows:  not defined

---- Section resSeg -----------------------------------------------------------

class:     progbits
length:                1635
start:                   83
align:                    1
follows:   .text
vstart:                 EF6
valign:                   1
vfollows:  dSeg

---- Section programArea ------------------------------------------------------

class:     progbits
length:                   0
start:                 16B8
align:                    1
follows:   resSeg
vstart:                252B
valign:                   1
vfollows:  resSeg

---- Section dSeg -------------------------------------------------------------

class:     nobits
length:                 EF6
start:                    0
align:     not defined
follows:   not defined
vstart:                   0
valign:    not defined
vfollows:  not defined

-- Symbols --------------------------------------------------------------------

---- No Section ---------------------------------------------------------------

Value     Name
00000000  progLineBlockType
00000001  varBlockType
00000002  datBlockType
00000074  notLastMemBlock
00000072  lastMemBlock
00000000  memBlock
00000000  memBlock.bSignature
00000001  memBlock.wBlockSize
00000003  memBlock.bBlockType
00000004  memBlock_size
00000000  progLineBlock
00000000  progLineBlock.bSignature
00000001  progLineBlock.wBlockSize
00000003  progLineBlock.bBlockType
00000004  progLineBlock.wLineNum
00000006  progLineBlock.qPtr
0000000E  progLineBlock.sLine
0000010E  progLineBlock_size
00000000  varBlock
00000000  varBlock.bSignature
00000001  varBlock.wBlockSize
00000003  varBlock.bBlockType
00000004  varBlock.qValue
0000000C  varBlock.sVarName
0000000C  varBlock_size
00000000  stringBlock
00000000  stringBlock.bSignature
00000001  stringBlock.wBlockSize
00000003  stringBlock.bBlockType
00000004  stringBlock.string
00000104  stringBlock.sVarName
00000104  stringBlock_size
00000000  intEquate
00000001  strEquate
00000001  breakBit
00000002  traceBit
00000004  indirectBit
00000008  ctrlFlow
00000055  WHILEsig
0000005A  FORsig
000000A5  GOSUBsig
00000000  forStruct
00000000  forStruct.specQword
00000008  forStruct.cntrPtr
00000010  forStruct.limitValue
00000018  forStruct.stepValue
00000020  forStruct_size
00000000  whileStruct
00000000  whileStruct.specQword
00000008  whileStruct_size
00000000  gosubStruct
00000000  gosubStruct.specQword
00000008  gosubStruct_size
00000100  maxLineLen
00000030  digitStringLen
00000026  numVarChars


---- Section .text ------------------------------------------------------------

Real              Virtual           Name
              39                39  bad
              4D                4D  badmsg

---- Section resSeg -----------------------------------------------------------

Real              Virtual           Name
              83               EF6  start
              BF               F32  mainLoop
              E2               F55  mainLoop.ml0
              FD               F70  mainLoop.saveLine
             12B               F9E  mainLoop.commonProc
             145               FB8  mainLoop.lineDoesntExist
             14C               FBF  criticalError
             15D               FD0  ctrlBreakHandler
             166               FD9  setHandler
             186               FF9  getLineInput
             1A3              1016  getLineInput.getChar
             1BF              1032  getLineInput.glibspace
             1E8              105B  getLineInput.gliCheckCase
             1F7              106A  getLineInput.gliccStore
             200              1073  getLineInput.gliExtendedChar
             202              1075  getLineInput.gliExit
             212              1085  getLineInput.gliFull
             21E              1091  ttyOutChar
             223              1096  ttyOutString
             22B              109E  ttyIn
             230              10A3  ttyClear
             249              10BC  keywordParser
             25A              10CD  keywordParser.functionFinderLoop
             27E              10F1  keywordParser.functionFound
             296              1109  keywordParser.exit
             297              110A  keywordParser.exitEmpty
             2A2              1115  keywordParser.notLetVarAssignment
             2AB              111E  runLine
             2B8              112B  runLine.stringPortionProcess
             2FD              1170  runLine.gotoNextLine
             327              119A  runLine.gotoNextLineCommon
             333              11A6  runLine.exit
             334              11A7  runLine.ctrlFlowHandler
             35C              11CF  runLine.badLineNumber
             368              11DB  runLine.tron
             394              1207  runLine.break
             3C4              1237  spaceSkip
             3CE              1241  spaceSkip.exit
             3CF              1242  getVarNameLength
             3DD              1250  getVarNameLength.search
             3F4              1267  getVarNameLength.exit
             3FC              126F  getVarType
             413              1286  getVarType.exit
             417              128A  handleAlgebraicExpression
             417              128A  handleAlgebraicExpression.handleFourthLevel
             428              129B  handleAlgebraicExpression.parseLogicals
             439              12AC  handleAlgebraicExpression.hae1
             455              12C8  handleAlgebraicExpression.hae2
             481              12F4  handleAlgebraicExpression.rightShift
             492              1305  handleAlgebraicExpression.leftShift
             4A3              1316  handleAlgebraicExpression.rightRoll
             4B4              1327  handleAlgebraicExpression.leftRoll
             4C5              1338  handleAlgebraicExpression.imp
             4D7              134A  handleAlgebraicExpression.not
             4E4              1357  handleAlgebraicExpression.and
             4F3              1366  handleAlgebraicExpression.or
             505              1378  handleAlgebraicExpression.xor
             514              1387  handleAlgebraicExpression.eqv
             526              1399  handleAlgebraicExpression.handleThirdLevelSkip
             52D              13A0  handleAlgebraicExpression.handleThirdLevel
             532              13A5  handleAlgebraicExpression.parseRelationals
             55F              13D2  handleAlgebraicExpression.processGreater
             586              13F9  handleAlgebraicExpression.processLess
             5AD              1420  handleAlgebraicExpression.processGeq
             5D1              1444  handleAlgebraicExpression.processLeq
             5F5              1468  handleAlgebraicExpression.processEq
             616              1489  handleAlgebraicExpression.processNeq
             63A              14AD  handleAlgebraicExpression.handleSecondLevelSkip
             63D              14B0  handleAlgebraicExpression.handleSecondLevel
             642              14B5  handleAlgebraicExpression.parseAdditiveOperators
             656              14C9  handleAlgebraicExpression.processAdd
             65C              14CF  handleAlgebraicExpression.processMinus
             667              14DA  handleAlgebraicExpression.handleFirstLevelSkip
             66A              14DD  handleAlgebraicExpression.handleFirstLevel
             66F              14E2  handleAlgebraicExpression.parseProductOperators
             685              14F8  handleAlgebraicExpression.processDiv
             698              150B  handleAlgebraicExpression.handleZerothLevelSkip
             69B              150E  handleAlgebraicExpression.handleZerothLevel
             6B1              1524  handleAlgebraicExpression.notBracket
             6B5              1528  handleAlgebraicExpression.varConstCheck
             6C6              1539  handleAlgebraicExpression.varOrRNDFound
             6E2              1555  handleAlgebraicExpression.exit
             6E3              1556  handleAlgebraicExpression.exponentFound
             6E5              1558  handleAlgebraicExpression.varFound
             6FC              156F  handleAlgebraicExpression.closeBracket
             704              1577  handleAlgebraicExpression.error
             710              1583  getNumericVariable
             730              15A3  getNumericVariable.exit
             734              15A7  getNumericVariable.noVar
             738              15AB  getNumericVariable.stringFoundError
             744              15B7  setNumericVariable
             764              15D7  setNumericVariable.exit
             768              15DB  setNumericVariable.makeEditInteger
             76F              15E2  setNumericVariable.stringFoundError
             77B              15EE  setStringVariable
             788              15FB  findOtherExpressionsOnLine
             791              1604  findOtherExpressionsOnLine.exit
             792              1605  funTbl
             81B              168E  whileStr
             833              16A6  thenStr
             83B              16AE  elseStr
             8CF              1742  badCmd
             8DB              174E  endProg
             8E0              1753  tron
             8E8              175B  troff
             8F0              1763  notWrapper
             8F8              176B  memRead
             8F8              176B  memWrite
             8F8              176B  byteRead
             8F8              176B  byteWrite
             8F9              176C  remark
             902              1775  oldSchoolAssignemnt
             907              177A  variableAssignment
             94A              17BD  variableAssignment.stringAssignment
             96D              17E0  variableAssignment.syntaxError
             979              17EC  variableAssignment.typError
             985              17F8  newProgram
             9E7              185A  listProgram
             9EE              1861  listProgram.printLines
             A22              1895  listProgram.exit
             A23              1896  runProgram
             A48              18BB  runProgram.endProgramPoint
             A54              18C7  printStatement
             A54              18C7  printStatement.printStart
             A6A              18DD  printStatement.printExpr
             A6D              18E0  printStatement.printExpr1
             A7E              18F1  printStatement.printStringVar
             AAB              191E  printStatement.stringPrint
             AC3              1936  printStatement.openSpeechMark
             AC6              1939  printStatement.psvexitColon
             AC9              193C  printStatement.psvexit
             AD6              1949  printStatement.closespeechmarks
             AE5              1958  printStatement.continue
             AEF              1962  getInput
             AF9              196C  getInput.customPrompt
             AFC              196F  getInput.cp0
             B05              1978  getInput.error
             B11              1984  getInput.printCustomPrompt
             B14              1987  getInput.pcp0
             B20              1993  getInput.stopPrompt
             B2E              19A1  getInput.defaultPrompt
             B38              19AB  getInput.noDefaultPrompt
             B73              19E6  getInput.handleNumeric
             B82              19F5  getInput.handleString
             B8D              1A00  getInput.commonExit
             B8E              1A01  returnToDOS
             B9A              1A0D  cls
             B9F              1A12  dbgr
             BBF              1A32  dbgr.farReturn
             BE8              1A5B  retScan
             C27              1A9A  retScan.initialSearch
             C3C              1AAF  retScan.notCandidate
             C41              1AB4  retScan.gotoNextLine
             C54              1AC7  retScan.wordFound
             C6F              1AE2  retScan.csumLoop
             C7D              1AF0  retScan.exit
             C7F              1AF2  retScan.noRet
             C95              1B08  retScan.error
             CAB              1B1E  wendScan
             CEA              1B5D  wendScan.initialSearch
             CFC              1B6F  wendScan.gotoNextLine
             D0F              1B82  wendScan.wordFound
             D41              1BB4  wendScan.csumLoop
             D4F              1BC2  wendScan.exit
             D51              1BC4  wendScan.noWend
             D67              1BDA  wendScan.error
             D7D              1BF0  nextScan
             DBC              1C2F  nextScan.initialSearch
             DCE              1C41  nextScan.gotoNextLine
             DE1              1C54  nextScan.wordFound
             E13              1C86  nextScan.csumLoop
             E21              1C94  nextScan.exit
             E23              1C96  nextScan.noNext
             E39              1CAC  nextScan.error
             E4F              1CC2  goto
             E64              1CD7  gosub
             E97              1D0A  gosub.macroNotOverflow
             EA8              1D1B  gosub.error
             EAD              1D20  return
             EC7              1D3A  return.checksumTest
             EEF              1D62  return.noReturn
             EFB              1D6E  forLoop
             F32              1DA5  forLoop.macroNotOverflow
             F47              1DBA  forLoop.flScanTo
             F62              1DD5  forLoop.flToFound
             F92              1E05  forLoop.flVariable
             FC6              1E39  forLoop.exit
             FCE              1E41  forLoop.defaultStep
             FD8              1E4B  forLoop.dontRunFor
             FF2              1E65  forLoop.unknownError
             FFB              1E6E  forLoop.syntaxError
            1002              1E75  forLoop.critError
            1007              1E7A  next
            1021              1E94  next.checksumTest
            104D              1EC0  next.exit
            1055              1EC8  next.noMoreLooping
            106F              1EE2  next.noForNext
            107B              1EEE  while
            10AE              1F21  while.macroNotOverflow
            10CF              1F42  while.exit
            10D7              1F4A  while.conditionFalse
            10ED              1F60  while.critError
            10F2              1F65  wend
            1110              1F83  wend.checksumTest
            113A              1FAD  wend.whileScan
            114B              1FBE  wend.scanning
            116C              1FDF  wend.exit
            1174              1FE7  wend.conditionFalse
            118A              1FFD  wend.error
            1196              2009  wend.noWhile
            11A2              2015  handleIf
            11CF              2042  handleIf.candidatethen
            11D6              2049  handleIf.else
            1200              2073  handleIf.hi0
            122D              20A0  handleIf.noElse
            122E              20A1  handleIf.error
            123A              20AD  decimalToHex
            123F              20B2  decimalToHex.processDigits
            125B              20CE  decimalToHex.exit
            1262              20D5  printdecimalword
            1287              20FA  printdecimalword.noCompliment
            12A4              2117  printdecimalword.pdw0
            12B4              2127  printdecimalword.pdw1
            12C9              213C  printdecimalword.printString
            12D8              214B  allocateBlock
            12D9              214C  allocateBlock.ab0
            130A              217D  allocateBlock.exit
            130C              217F  allocateBlock.memoryFull
            1318              218B  allocateBlock.firstAllocation
            1338              21AB  findVariable
            134D              21C0  findVariable.search
            1359              21CC  findVariable.invalid
            1368              21DB  findVariable.varFound
            1377              21EA  findVariable.datFound
            1389              21FC  findVariable.varNotFound
            1393              2206  findVariable.exit
            1399              220C  findFirstLine
            13A8              221B  searchForProgramLine
            13B8              222B  searchForProgramLine.search
            13CB              223E  searchForProgramLine.lineFound
            13CC              223F  insertProgramLine
            13EC              225F  insertProgramLine.walk
            1400              2273  insertProgramLine.candidate
            140F              2282  insertProgramLine.sort
            1422              2295  insertProgramLine.skipLink
            1430              22A3  insertProgramLine.first
            1442              22B5  insertProgramLine.exit
            1448              22BB  makeEditInteger
            145B              22CE  makeEditInteger.newVar
            1487              22FA  makeEditInteger.error
            1493              2306  makeEditString
            14CD              2340  makeEditString.strcopy
            14E1              2354  makeEditString.error
            14ED              2360  terminatedstrcpy
            14EE              2361  terminatedstrcpy.copy
            14FE              2371  terminatedstrcpy.exit
            1500              2373  strcpy
            1509              237C  strlen
            150D              2380  strlen.search
            1514              2387  strlen.exit
            1517              238A  memoryDetection
            1520              2393  memoryDetection.findStartAddr
            1527              239A  memoryDetection.fsa1
            1557              23CA  memoryDetection.exit
            1558              23CB  memoryDetection.worstCase
            1579              23EC  prompt
            157E              23F1  mainmsg
            1592              2405  bytemsg
            15A0              2413  crlf
            15A3              2416  errmsg
            15AB              241E  numbers
            15B5              2428  varChrs
            15DB              244E  noMem
            15EB              245E  syntax
            15FA              246D  typeError
            160A              247D  lineNoXist
            1622              2495  breakmsg
            162C              249F  stkOvflw
            163D              24B0  noWend
            1652              24C5  noWhile
            1667              24DA  noFor
            167A              24ED  noNext
            168D              2500  noReturn
            16A4              2517  uknowner

---- Section programArea ------------------------------------------------------

Real              Virtual           Name
            16B8              252B  ENDOFPROGRAM

---- Section dSeg -------------------------------------------------------------

Real              Virtual           Name
               0                 0  oflowbuff
              50                50  stack
             D90               D90  stacktop
             D98               D98  inString
             E98               E98  digitString
             EC8               EC8  minMemAddr
             ED0               ED0  maxMemAddr
             ED8               ED8  strLen
             ED9               ED9  stateByte
             EDA               EDA  mcbChain
             EE2               EE2  lastBlock
             EEA               EEA  firstLinPtr
             EF2               EF2  firstLinNum
             EF4               EF4  currentLine
             EF6               EF6  bssLen

