
- NASM Map file ---------------------------------------------------------------

Source file:  BASIC.ASM
Output file:  BASIC.BIN

-- Program origin -------------------------------------------------------------

00000000

-- Sections (summary) ---------------------------------------------------------

Vstart            Start             Stop              Length    Class     Name
               0                 0                83  00000083  progbits  .text
             EF6                83              1750  000016CD  progbits  resSeg
            25C3              1750              1750  00000000  progbits  programArea
               0                 0               EF6  00000EF6  nobits    dSeg

-- Sections (detailed) --------------------------------------------------------

---- Section .text ------------------------------------------------------------

class:     progbits
length:                  83
start:                    0
align:                    1
follows:   not defined
vstart:                   0
valign:    not defined
vfollows:  not defined

---- Section resSeg -----------------------------------------------------------

class:     progbits
length:                16CD
start:                   83
align:                    1
follows:   .text
vstart:                 EF6
valign:                   1
vfollows:  dSeg

---- Section programArea ------------------------------------------------------

class:     progbits
length:                   0
start:                 1750
align:                    1
follows:   resSeg
vstart:                25C3
valign:                   1
vfollows:  resSeg

---- Section dSeg -------------------------------------------------------------

class:     nobits
length:                 EF6
start:                    0
align:     not defined
follows:   not defined
vstart:                   0
valign:    not defined
vfollows:  not defined

-- Symbols --------------------------------------------------------------------

---- No Section ---------------------------------------------------------------

Value     Name
00000000  progLineBlockType
00000001  varBlockType
00000002  datBlockType
00000074  notLastMemBlock
00000072  lastMemBlock
00000000  memBlock
00000000  memBlock.bSignature
00000001  memBlock.wBlockSize
00000003  memBlock.bBlockType
00000004  memBlock_size
00000000  progLineBlock
00000000  progLineBlock.bSignature
00000001  progLineBlock.wBlockSize
00000003  progLineBlock.bBlockType
00000004  progLineBlock.wLineNum
00000006  progLineBlock.qPtr
0000000E  progLineBlock.sLine
0000010E  progLineBlock_size
00000000  varBlock
00000000  varBlock.bSignature
00000001  varBlock.wBlockSize
00000003  varBlock.bBlockType
00000004  varBlock.qValue
0000000C  varBlock.sVarName
0000000C  varBlock_size
00000000  stringBlock
00000000  stringBlock.bSignature
00000001  stringBlock.wBlockSize
00000003  stringBlock.bBlockType
00000004  stringBlock.string
00000104  stringBlock.sVarName
00000104  stringBlock_size
00000000  intEquate
00000001  strEquate
00000001  breakBit
00000002  traceBit
00000004  indirectBit
00000008  ctrlFlow
00000055  WHILEsig
0000005A  FORsig
000000A5  GOSUBsig
00000000  forStruct
00000000  forStruct.specQword
00000008  forStruct.cntrPtr
00000010  forStruct.limitValue
00000018  forStruct.stepValue
00000020  forStruct_size
00000000  whileStruct
00000000  whileStruct.specQword
00000008  whileStruct_size
00000000  gosubStruct
00000000  gosubStruct.specQword
00000008  gosubStruct_size
00000100  maxLineLen
00000030  digitStringLen
00000026  numVarChars


---- Section .text ------------------------------------------------------------

Real              Virtual           Name
              39                39  bad
              4D                4D  badmsg

---- Section resSeg -----------------------------------------------------------

Real              Virtual           Name
              83               EF6  start
              BF               F32  mainLoop
              F0               F63  mainLoop.ml0
             10B               F7E  mainLoop.saveLine
             139               FAC  mainLoop.commonProc
             153               FC6  mainLoop.lineDoesntExist
             15A               FCD  criticalError
             16B               FDE  ctrlBreakHandler
             174               FE7  setHandler
             194              1007  getLineInput
             1B1              1024  getLineInput.getChar
             1CD              1040  getLineInput.glibspace
             1F6              1069  getLineInput.gliCheckCase
             205              1078  getLineInput.gliccStore
             20E              1081  getLineInput.gliExtendedChar
             210              1083  getLineInput.gliExit
             220              1093  getLineInput.gliFull
             22C              109F  ttyOutChar
             231              10A4  ttyOutString
             239              10AC  ttyIn
             23E              10B1  ttyClear
             257              10CA  keywordParser
             268              10DB  keywordParser.functionFinderLoop
             28C              10FF  keywordParser.functionFound
             2A4              1117  keywordParser.exit
             2A5              1118  keywordParser.exitEmpty
             2B0              1123  keywordParser.notLetVarAssignment
             2B9              112C  runLine
             2C6              1139  runLine.stringPortionProcess
             30B              117E  runLine.gotoNextLine
             335              11A8  runLine.gotoNextLineCommon
             341              11B4  runLine.exit
             342              11B5  runLine.ctrlFlowHandler
             36A              11DD  runLine.badLineNumber
             376              11E9  runLine.tron
             3A2              1215  runLine.break
             3D2              1245  spaceSkip
             3DC              124F  spaceSkip.exit
             3DD              1250  getVarNameLength
             3EB              125E  getVarNameLength.search
             402              1275  getVarNameLength.exit
             40A              127D  getVarType
             421              1294  getVarType.exit
             425              1298  handleAlgebraicExpression
             43D              12B0  handleAlgebraicExpression.handleFourthLevel
             442              12B5  handleAlgebraicExpression.parseLogicals
             49D              1310  handleAlgebraicExpression.rightShift
             4AE              1321  handleAlgebraicExpression.leftShift
             4BF              1332  handleAlgebraicExpression.rightRoll
             4D0              1343  handleAlgebraicExpression.leftRoll
             4E1              1354  handleAlgebraicExpression.imp
             4F3              1366  handleAlgebraicExpression.not
             500              1373  handleAlgebraicExpression.and
             50F              1382  handleAlgebraicExpression.or
             521              1394  handleAlgebraicExpression.xor
             530              13A3  handleAlgebraicExpression.eqv
             542              13B5  handleAlgebraicExpression.handleThirdLevelSkip
             549              13BC  handleAlgebraicExpression.handleThirdLevel
             54E              13C1  handleAlgebraicExpression.parseRelationals
             57B              13EE  handleAlgebraicExpression.processGreater
             5A2              1415  handleAlgebraicExpression.processLess
             5C9              143C  handleAlgebraicExpression.processGeq
             5ED              1460  handleAlgebraicExpression.processLeq
             611              1484  handleAlgebraicExpression.processEq
             632              14A5  handleAlgebraicExpression.processNeq
             656              14C9  handleAlgebraicExpression.handleSecondLevelSkip
             659              14CC  handleAlgebraicExpression.handleSecondLevel
             65E              14D1  handleAlgebraicExpression.parseAdditiveOperators
             672              14E5  handleAlgebraicExpression.processAdd
             678              14EB  handleAlgebraicExpression.processMinus
             683              14F6  handleAlgebraicExpression.handleFirstLevelSkip
             686              14F9  handleAlgebraicExpression.handleFirstLevel
             68B              14FE  handleAlgebraicExpression.parseProductOperators
             6C3              1536  handleAlgebraicExpression.processMult
             6CF              1542  handleAlgebraicExpression.processDiv
             6E2              1555  handleAlgebraicExpression.exponentFound
             6F5              1568  handleAlgebraicExpression.imulLoop
             705              1578  handleAlgebraicExpression.handleZerothLevelSkip
             708              157B  handleAlgebraicExpression.handleZerothLevel
             721              1594  handleAlgebraicExpression.varConstCheck
             732              15A5  handleAlgebraicExpression.varOrRNDFound
             760              15D3  handleAlgebraicExpression.exit
             761              15D4  handleAlgebraicExpression.varFound
             778              15EB  handleAlgebraicExpression.closeBracket
             780              15F3  handleAlgebraicExpression.error
             78C              15FF  handleAlgebraicExpression.stack
             798              160B  getNumericVariable
             7B8              162B  getNumericVariable.exit
             7BC              162F  getNumericVariable.noVar
             7C0              1633  getNumericVariable.stringFoundError
             7CC              163F  setNumericVariable
             7EC              165F  setNumericVariable.exit
             7F0              1663  setNumericVariable.makeEditInteger
             7F7              166A  setNumericVariable.stringFoundError
             803              1676  setStringVariable
             810              1683  findOtherExpressionsOnLine
             819              168C  findOtherExpressionsOnLine.exit
             81A              168D  funTbl
             8A3              1716  whileStr
             8BB              172E  thenStr
             8C3              1736  elseStr
             95E              17D1  badCmd
             96A              17DD  endProg
             96F              17E2  tron
             977              17EA  troff
             97F              17F2  notWrapper
             987              17FA  memRead
             987              17FA  memWrite
             987              17FA  byteRead
             987              17FA  byteWrite
             988              17FB  remark
             991              1804  oldSchoolAssignemnt
             996              1809  variableAssignment
             9D9              184C  variableAssignment.stringAssignment
             9FC              186F  variableAssignment.syntaxError
             A08              187B  variableAssignment.typError
             A14              1887  newProgram
             A78              18EB  listProgram
             A7F              18F2  listProgram.printLines
             AB3              1926  listProgram.exit
             AB4              1927  runProgram
             AD9              194C  runProgram.endProgramPoint
             AE5              1958  printStatement
             AE5              1958  printStatement.printStart
             AFB              196E  printStatement.printExpr
             AFE              1971  printStatement.printExpr1
             B0F              1982  printStatement.printStringVar
             B3C              19AF  printStatement.stringPrint
             B54              19C7  printStatement.openSpeechMark
             B57              19CA  printStatement.psvexitColon
             B5A              19CD  printStatement.psvexit
             B67              19DA  printStatement.closespeechmarks
             B7A              19ED  printStatement.continue
             B84              19F7  getInput
             B8E              1A01  getInput.customPrompt
             B91              1A04  getInput.cp0
             B9A              1A0D  getInput.error
             BA6              1A19  getInput.printCustomPrompt
             BA9              1A1C  getInput.pcp0
             BB5              1A28  getInput.stopPrompt
             BC3              1A36  getInput.defaultPrompt
             BCD              1A40  getInput.noDefaultPrompt
             C08              1A7B  getInput.handleNumeric
             C17              1A8A  getInput.handleString
             C22              1A95  getInput.commonExit
             C23              1A96  returnToDOS
             C2F              1AA2  cls
             C34              1AA7  dbgr
             C54              1AC7  dbgr.farReturn
             C7D              1AF0  retScan
             CBC              1B2F  retScan.initialSearch
             CD1              1B44  retScan.notCandidate
             CD6              1B49  retScan.gotoNextLine
             CE9              1B5C  retScan.wordFound
             D04              1B77  retScan.csumLoop
             D12              1B85  retScan.exit
             D14              1B87  retScan.noRet
             D2A              1B9D  retScan.error
             D40              1BB3  wendScan
             D7F              1BF2  wendScan.initialSearch
             D91              1C04  wendScan.gotoNextLine
             DA4              1C17  wendScan.wordFound
             DD6              1C49  wendScan.csumLoop
             DE4              1C57  wendScan.exit
             DE6              1C59  wendScan.noWend
             DFC              1C6F  wendScan.error
             E12              1C85  nextScan
             E51              1CC4  nextScan.initialSearch
             E63              1CD6  nextScan.gotoNextLine
             E76              1CE9  nextScan.wordFound
             EA8              1D1B  nextScan.csumLoop
             EB6              1D29  nextScan.exit
             EB8              1D2B  nextScan.noNext
             ECE              1D41  nextScan.error
             EE4              1D57  goto
             EF9              1D6C  gosub
             F2C              1D9F  gosub.macroNotOverflow
             F3D              1DB0  gosub.error
             F42              1DB5  return
             F5C              1DCF  return.checksumTest
             F84              1DF7  return.noReturn
             F90              1E03  forLoop
             FC7              1E3A  forLoop.macroNotOverflow
             FDC              1E4F  forLoop.flScanTo
             FF7              1E6A  forLoop.flToFound
            1027              1E9A  forLoop.flVariable
            105B              1ECE  forLoop.exit
            1063              1ED6  forLoop.defaultStep
            106D              1EE0  forLoop.dontRunFor
            1087              1EFA  forLoop.unknownError
            1090              1F03  forLoop.syntaxError
            1097              1F0A  forLoop.critError
            109C              1F0F  next
            10B6              1F29  next.checksumTest
            10E2              1F55  next.exit
            10EA              1F5D  next.noMoreLooping
            1104              1F77  next.noForNext
            1110              1F83  while
            1143              1FB6  while.macroNotOverflow
            1164              1FD7  while.exit
            116C              1FDF  while.conditionFalse
            1182              1FF5  while.critError
            1187              1FFA  wend
            11A5              2018  wend.checksumTest
            11CF              2042  wend.whileScan
            11E0              2053  wend.scanning
            1201              2074  wend.exit
            1209              207C  wend.conditionFalse
            121F              2092  wend.error
            122B              209E  wend.noWhile
            1237              20AA  handleIf
            1264              20D7  handleIf.candidatethen
            126B              20DE  handleIf.else
            1295              2108  handleIf.hi0
            12C2              2135  handleIf.noElse
            12C3              2136  handleIf.error
            12CF              2142  decimalToHex
            12D4              2147  decimalToHex.processDigits
            12F0              2163  decimalToHex.exit
            12F7              216A  printdecimalword
            131C              218F  printdecimalword.noCompliment
            1339              21AC  printdecimalword.pdw0
            1349              21BC  printdecimalword.pdw1
            135E              21D1  printdecimalword.printString
            136D              21E0  allocateBlock
            136E              21E1  allocateBlock.ab0
            139F              2212  allocateBlock.exit
            13A1              2214  allocateBlock.memoryFull
            13AD              2220  allocateBlock.firstAllocation
            13CD              2240  findVariable
            13E2              2255  findVariable.search
            13EE              2261  findVariable.invalid
            13FD              2270  findVariable.varFound
            140C              227F  findVariable.datFound
            141E              2291  findVariable.varNotFound
            1428              229B  findVariable.exit
            142E              22A1  findFirstLine
            143D              22B0  searchForProgramLine
            144D              22C0  searchForProgramLine.search
            1460              22D3  searchForProgramLine.lineFound
            1461              22D4  insertProgramLine
            1481              22F4  insertProgramLine.walk
            1495              2308  insertProgramLine.candidate
            14A4              2317  insertProgramLine.sort
            14B7              232A  insertProgramLine.skipLink
            14C5              2338  insertProgramLine.first
            14D7              234A  insertProgramLine.exit
            14DD              2350  makeEditInteger
            14F0              2363  makeEditInteger.newVar
            151C              238F  makeEditInteger.error
            1528              239B  makeEditString
            1562              23D5  makeEditString.strcopy
            1576              23E9  makeEditString.error
            1582              23F5  terminatedstrcpy
            1583              23F6  terminatedstrcpy.copy
            1593              2406  terminatedstrcpy.exit
            1595              2408  strcpy
            159E              2411  strlen
            15A2              2415  strlen.search
            15A9              241C  strlen.exit
            15AC              241F  memoryDetection
            15B5              2428  memoryDetection.findStartAddr
            15BC              242F  memoryDetection.fsa1
            15EC              245F  memoryDetection.exit
            15ED              2460  memoryDetection.worstCase
            160E              2481  prompt
            1613              2486  mainmsg
            162A              249D  bytemsg
            1638              24AB  crlf
            163B              24AE  errmsg
            1643              24B6  numbers
            164D              24C0  varChrs
            1673              24E6  noMem
            1683              24F6  syntax
            1692              2505  typeError
            16A2              2515  lineNoXist
            16BA              252D  breakmsg
            16C4              2537  stkOvflw
            16D5              2548  noWend
            16EA              255D  noWhile
            16FF              2572  noFor
            1712              2585  noNext
            1725              2598  noReturn
            173C              25AF  uknowner

---- Section programArea ------------------------------------------------------

Real              Virtual           Name
            1750              25C3  ENDOFPROGRAM

---- Section dSeg -------------------------------------------------------------

Real              Virtual           Name
               0                 0  oflowbuff
              50                50  stack
             D90               D90  stacktop
             D98               D98  inString
             E98               E98  digitString
             EC8               EC8  minMemAddr
             ED0               ED0  maxMemAddr
             ED8               ED8  strLen
             ED9               ED9  stateByte
             EDA               EDA  mcbChain
             EE2               EE2  lastBlock
             EEA               EEA  firstLinPtr
             EF2               EF2  firstLinNum
             EF4               EF4  currentLine
             EF6               EF6  bssLen

