
- NASM Map file ---------------------------------------------------------------

Source file:  BASIC.ASM
Output file:  BASIC.BIN

-- Program origin -------------------------------------------------------------

00000000

-- Sections (summary) ---------------------------------------------------------

Vstart            Start             Stop              Length    Class     Name
               0                 0                83  00000083  progbits  .text
             EF6                83              178B  00001708  progbits  resSeg
            25FE              178B              178B  00000000  progbits  programArea
               0                 0               EF6  00000EF6  nobits    dSeg

-- Sections (detailed) --------------------------------------------------------

---- Section .text ------------------------------------------------------------

class:     progbits
length:                  83
start:                    0
align:                    1
follows:   not defined
vstart:                   0
valign:    not defined
vfollows:  not defined

---- Section resSeg -----------------------------------------------------------

class:     progbits
length:                1708
start:                   83
align:                    1
follows:   .text
vstart:                 EF6
valign:                   1
vfollows:  dSeg

---- Section programArea ------------------------------------------------------

class:     progbits
length:                   0
start:                 178B
align:                    1
follows:   resSeg
vstart:                25FE
valign:                   1
vfollows:  resSeg

---- Section dSeg -------------------------------------------------------------

class:     nobits
length:                 EF6
start:                    0
align:     not defined
follows:   not defined
vstart:                   0
valign:    not defined
vfollows:  not defined

-- Symbols --------------------------------------------------------------------

---- No Section ---------------------------------------------------------------

Value     Name
00000000  progLineBlockType
00000001  varBlockType
00000002  datBlockType
00000074  notLastMemBlock
00000072  lastMemBlock
00000000  memBlock
00000000  memBlock.bSignature
00000001  memBlock.wBlockSize
00000003  memBlock.bBlockType
00000004  memBlock_size
00000000  progLineBlock
00000000  progLineBlock.bSignature
00000001  progLineBlock.wBlockSize
00000003  progLineBlock.bBlockType
00000004  progLineBlock.wLineNum
00000006  progLineBlock.qPtr
0000000E  progLineBlock.sLine
0000010E  progLineBlock_size
00000000  varBlock
00000000  varBlock.bSignature
00000001  varBlock.wBlockSize
00000003  varBlock.bBlockType
00000004  varBlock.qValue
0000000C  varBlock.sVarName
0000000C  varBlock_size
00000000  stringBlock
00000000  stringBlock.bSignature
00000001  stringBlock.wBlockSize
00000003  stringBlock.bBlockType
00000004  stringBlock.string
00000104  stringBlock.sVarName
00000104  stringBlock_size
00000000  intEquate
00000001  strEquate
00000001  breakBit
00000002  traceBit
00000004  indirectBit
00000008  ctrlFlow
00000055  WHILEsig
0000005A  FORsig
000000A5  GOSUBsig
00000000  forStruct
00000000  forStruct.specQword
00000008  forStruct.cntrPtr
00000010  forStruct.limitValue
00000018  forStruct.stepValue
00000020  forStruct_size
00000000  whileStruct
00000000  whileStruct.specQword
00000008  whileStruct_size
00000000  gosubStruct
00000000  gosubStruct.specQword
00000008  gosubStruct_size
00000100  maxLineLen
00000030  digitStringLen
00000026  numVarChars


---- Section .text ------------------------------------------------------------

Real              Virtual           Name
              39                39  bad
              4D                4D  badmsg

---- Section resSeg -----------------------------------------------------------

Real              Virtual           Name
              83               EF6  start
              BF               F32  mainLoop
              F0               F63  mainLoop.ml0
             10B               F7E  mainLoop.saveLine
             139               FAC  mainLoop.commonProc
             153               FC6  mainLoop.lineDoesntExist
             15A               FCD  criticalError
             16B               FDE  ctrlBreakHandler
             174               FE7  setHandler
             194              1007  getLineInput
             1B1              1024  getLineInput.getChar
             1CD              1040  getLineInput.glibspace
             1F6              1069  getLineInput.gliCheckCase
             205              1078  getLineInput.gliccStore
             20E              1081  getLineInput.gliExtendedChar
             210              1083  getLineInput.gliExit
             220              1093  getLineInput.gliFull
             22C              109F  ttyOutChar
             231              10A4  ttyOutString
             239              10AC  ttyIn
             23E              10B1  ttyClear
             257              10CA  keywordParser
             268              10DB  keywordParser.functionFinderLoop
             28C              10FF  keywordParser.functionFound
             2A4              1117  keywordParser.exit
             2A5              1118  keywordParser.exitEmpty
             2B0              1123  keywordParser.notLetVarAssignment
             2B9              112C  runLine
             2C6              1139  runLine.stringPortionProcess
             30B              117E  runLine.gotoNextLine
             335              11A8  runLine.gotoNextLineCommon
             341              11B4  runLine.exit
             342              11B5  runLine.ctrlFlowHandler
             36A              11DD  runLine.badLineNumber
             376              11E9  runLine.tron
             3A2              1215  runLine.break
             3D2              1245  spaceSkip
             3DC              124F  spaceSkip.exit
             3DD              1250  getVarNameLength
             3EB              125E  getVarNameLength.search
             402              1275  getVarNameLength.exit
             40A              127D  getVarType
             421              1294  getVarType.exit
             425              1298  handleAlgebraicExpression
             43D              12B0  handleAlgebraicExpression.handleFourthLevel
             442              12B5  handleAlgebraicExpression.parseLogicals
             49D              1310  handleAlgebraicExpression.rightShift
             4AE              1321  handleAlgebraicExpression.leftShift
             4BF              1332  handleAlgebraicExpression.rightRoll
             4D0              1343  handleAlgebraicExpression.leftRoll
             4E1              1354  handleAlgebraicExpression.imp
             4F3              1366  handleAlgebraicExpression.not
             500              1373  handleAlgebraicExpression.and
             50F              1382  handleAlgebraicExpression.or
             521              1394  handleAlgebraicExpression.xor
             530              13A3  handleAlgebraicExpression.eqv
             542              13B5  handleAlgebraicExpression.handleThirdLevelSkip
             549              13BC  handleAlgebraicExpression.handleThirdLevel
             54E              13C1  handleAlgebraicExpression.parseRelationals
             57B              13EE  handleAlgebraicExpression.processGreater
             5A2              1415  handleAlgebraicExpression.processLess
             5C9              143C  handleAlgebraicExpression.processGeq
             5ED              1460  handleAlgebraicExpression.processLeq
             611              1484  handleAlgebraicExpression.processEq
             632              14A5  handleAlgebraicExpression.processNeq
             656              14C9  handleAlgebraicExpression.handleSecondLevelSkip
             659              14CC  handleAlgebraicExpression.handleSecondLevel
             65E              14D1  handleAlgebraicExpression.parseAdditiveOperators
             672              14E5  handleAlgebraicExpression.processAdd
             678              14EB  handleAlgebraicExpression.processMinus
             683              14F6  handleAlgebraicExpression.handleFirstLevelSkip
             686              14F9  handleAlgebraicExpression.handleFirstLevel
             68B              14FE  handleAlgebraicExpression.parseProductOperators
             6C8              153B  handleAlgebraicExpression.processMult
             6D4              1547  handleAlgebraicExpression.processDiv
             6EF              1562  handleAlgebraicExpression.divByZero
             70D              1580  handleAlgebraicExpression.exponentFound
             71D              1590  handleAlgebraicExpression.imulLoop
             72D              15A0  handleAlgebraicExpression.handleZerothLevelSkip
             730              15A3  handleAlgebraicExpression.handleZerothLevel
             749              15BC  handleAlgebraicExpression.varConstCheck
             75A              15CD  handleAlgebraicExpression.varOrRNDFound
             788              15FB  handleAlgebraicExpression.exit
             789              15FC  handleAlgebraicExpression.varFound
             7A0              1613  handleAlgebraicExpression.closeBracket
             7A8              161B  handleAlgebraicExpression.error
             7B4              1627  handleAlgebraicExpression.stack
             7C0              1633  getNumericVariable
             7E0              1653  getNumericVariable.exit
             7E4              1657  getNumericVariable.noVar
             7E8              165B  getNumericVariable.stringFoundError
             7F4              1667  setNumericVariable
             814              1687  setNumericVariable.exit
             818              168B  setNumericVariable.makeEditInteger
             81F              1692  setNumericVariable.stringFoundError
             82B              169E  setStringVariable
             838              16AB  findOtherExpressionsOnLine
             841              16B4  findOtherExpressionsOnLine.exit
             842              16B5  funTbl
             8CB              173E  whileStr
             8E3              1756  thenStr
             8EB              175E  elseStr
             986              17F9  badCmd
             992              1805  endProg
             997              180A  tron
             99F              1812  troff
             9A7              181A  notWrapper
             9AF              1822  memRead
             9AF              1822  memWrite
             9AF              1822  byteRead
             9AF              1822  byteWrite
             9B0              1823  remark
             9B9              182C  oldSchoolAssignemnt
             9BE              1831  variableAssignment
             A01              1874  variableAssignment.stringAssignment
             A24              1897  variableAssignment.syntaxError
             A30              18A3  variableAssignment.typError
             A3C              18AF  newProgram
             AA0              1913  listProgram
             AA7              191A  listProgram.printLines
             ADB              194E  listProgram.exit
             ADC              194F  runProgram
             B01              1974  runProgram.endProgramPoint
             B0D              1980  printStatement
             B0D              1980  printStatement.printStart
             B23              1996  printStatement.printExpr
             B26              1999  printStatement.printExpr1
             B37              19AA  printStatement.printStringVar
             B64              19D7  printStatement.stringPrint
             B7C              19EF  printStatement.openSpeechMark
             B7F              19F2  printStatement.psvexitColon
             B82              19F5  printStatement.psvexit
             B8F              1A02  printStatement.closespeechmarks
             BA2              1A15  printStatement.continue
             BAC              1A1F  getInput
             BB6              1A29  getInput.customPrompt
             BB9              1A2C  getInput.cp0
             BC2              1A35  getInput.error
             BCE              1A41  getInput.printCustomPrompt
             BD1              1A44  getInput.pcp0
             BDD              1A50  getInput.stopPrompt
             BEB              1A5E  getInput.defaultPrompt
             BF5              1A68  getInput.noDefaultPrompt
             C30              1AA3  getInput.handleNumeric
             C3F              1AB2  getInput.handleString
             C4A              1ABD  getInput.commonExit
             C4B              1ABE  returnToDOS
             C57              1ACA  cls
             C5C              1ACF  dbgr
             C7C              1AEF  dbgr.farReturn
             CA5              1B18  retScan
             CE4              1B57  retScan.initialSearch
             CF9              1B6C  retScan.notCandidate
             CFE              1B71  retScan.gotoNextLine
             D11              1B84  retScan.wordFound
             D2C              1B9F  retScan.csumLoop
             D3A              1BAD  retScan.exit
             D3C              1BAF  retScan.noRet
             D52              1BC5  retScan.error
             D68              1BDB  wendScan
             DA7              1C1A  wendScan.initialSearch
             DB9              1C2C  wendScan.gotoNextLine
             DCC              1C3F  wendScan.wordFound
             DFE              1C71  wendScan.csumLoop
             E0C              1C7F  wendScan.exit
             E0E              1C81  wendScan.noWend
             E24              1C97  wendScan.error
             E3A              1CAD  nextScan
             E79              1CEC  nextScan.initialSearch
             E8B              1CFE  nextScan.gotoNextLine
             E9E              1D11  nextScan.wordFound
             ED0              1D43  nextScan.csumLoop
             EDE              1D51  nextScan.exit
             EE0              1D53  nextScan.noNext
             EF6              1D69  nextScan.error
             F0C              1D7F  goto
             F21              1D94  gosub
             F54              1DC7  gosub.macroNotOverflow
             F65              1DD8  gosub.error
             F6A              1DDD  return
             F84              1DF7  return.checksumTest
             FAC              1E1F  return.noReturn
             FB8              1E2B  forLoop
             FEF              1E62  forLoop.macroNotOverflow
            1004              1E77  forLoop.flScanTo
            101F              1E92  forLoop.flToFound
            104F              1EC2  forLoop.flVariable
            1083              1EF6  forLoop.exit
            108B              1EFE  forLoop.defaultStep
            1095              1F08  forLoop.dontRunFor
            10AF              1F22  forLoop.unknownError
            10B8              1F2B  forLoop.syntaxError
            10BF              1F32  forLoop.critError
            10C4              1F37  next
            10DE              1F51  next.checksumTest
            110A              1F7D  next.exit
            1112              1F85  next.noMoreLooping
            112C              1F9F  next.noForNext
            1138              1FAB  while
            116B              1FDE  while.macroNotOverflow
            118C              1FFF  while.exit
            1194              2007  while.conditionFalse
            11AA              201D  while.critError
            11AF              2022  wend
            11CD              2040  wend.checksumTest
            11F7              206A  wend.whileScan
            1208              207B  wend.scanning
            1229              209C  wend.exit
            1231              20A4  wend.conditionFalse
            1247              20BA  wend.error
            1253              20C6  wend.noWhile
            125F              20D2  handleIf
            128C              20FF  handleIf.candidatethen
            1293              2106  handleIf.else
            12BD              2130  handleIf.hi0
            12EA              215D  handleIf.noElse
            12EB              215E  handleIf.error
            12F7              216A  decimalToHex
            12FC              216F  decimalToHex.processDigits
            1318              218B  decimalToHex.exit
            131F              2192  printdecimalword
            1344              21B7  printdecimalword.noCompliment
            1361              21D4  printdecimalword.pdw0
            1371              21E4  printdecimalword.pdw1
            1386              21F9  printdecimalword.printString
            1395              2208  allocateBlock
            1396              2209  allocateBlock.ab0
            13C7              223A  allocateBlock.exit
            13C9              223C  allocateBlock.memoryFull
            13D5              2248  allocateBlock.firstAllocation
            13F5              2268  findVariable
            140A              227D  findVariable.search
            1416              2289  findVariable.invalid
            1425              2298  findVariable.varFound
            1434              22A7  findVariable.datFound
            1446              22B9  findVariable.varNotFound
            1450              22C3  findVariable.exit
            1456              22C9  findFirstLine
            1465              22D8  searchForProgramLine
            1475              22E8  searchForProgramLine.search
            1488              22FB  searchForProgramLine.lineFound
            1489              22FC  insertProgramLine
            14A9              231C  insertProgramLine.walk
            14BD              2330  insertProgramLine.candidate
            14CC              233F  insertProgramLine.sort
            14DF              2352  insertProgramLine.skipLink
            14ED              2360  insertProgramLine.first
            14FF              2372  insertProgramLine.exit
            1505              2378  makeEditInteger
            1518              238B  makeEditInteger.newVar
            1544              23B7  makeEditInteger.error
            1550              23C3  makeEditString
            158A              23FD  makeEditString.strcopy
            159E              2411  makeEditString.error
            15AA              241D  terminatedstrcpy
            15AB              241E  terminatedstrcpy.copy
            15BB              242E  terminatedstrcpy.exit
            15BD              2430  strcpy
            15C6              2439  strlen
            15CA              243D  strlen.search
            15D1              2444  strlen.exit
            15D4              2447  memoryDetection
            15DD              2450  memoryDetection.findStartAddr
            15E4              2457  memoryDetection.fsa1
            1614              2487  memoryDetection.exit
            1615              2488  memoryDetection.worstCase
            1636              24A9  prompt
            163B              24AE  mainmsg
            1652              24C5  bytemsg
            1660              24D3  crlf
            1663              24D6  errmsg
            166B              24DE  numbers
            1675              24E8  varChrs
            169B              250E  noMem
            16AB              251E  syntax
            16BA              252D  typeError
            16CA              253D  lineNoXist
            16E2              2555  breakmsg
            16EC              255F  stkOvflw
            16FD              2570  noWend
            1712              2585  noWhile
            1727              259A  noFor
            173A              25AD  noNext
            174D              25C0  noReturn
            1764              25D7  uknowner
            1778              25EB  divZer

---- Section programArea ------------------------------------------------------

Real              Virtual           Name
            178B              25FE  ENDOFPROGRAM

---- Section dSeg -------------------------------------------------------------

Real              Virtual           Name
               0                 0  oflowbuff
              50                50  stack
             D90               D90  stacktop
             D98               D98  inString
             E98               E98  digitString
             EC8               EC8  minMemAddr
             ED0               ED0  maxMemAddr
             ED8               ED8  strLen
             ED9               ED9  stateByte
             EDA               EDA  mcbChain
             EE2               EE2  lastBlock
             EEA               EEA  firstLinPtr
             EF2               EF2  firstLinNum
             EF4               EF4  currentLine
             EF6               EF6  bssLen

